[activating] 54 seeds x ~22 q = ~1188 raw
  [1/54]  22 <- NATO enlargement and European security a | Finland and Sweden joining NATO and the 
  [2/54]  22 <- post-Soviet states' sovereignty and self | Moldova, Transnistria, and neutrality gu
  [3/54]  22 <- NATO enlargement and European security a | the 1997 NATO-Russia Founding Act and it
  [4/54]  22 <- post-Soviet states' sovereignty and self | Ukraine's right to choose its alliances 
  [5/54]  22 <- NATO enlargement and European security a | the 1990s enlargement decisions and the 
  [6/54]  22 <- post-Soviet states' sovereignty and self | Belarus's alignment and sovereignty unde
  [7/54]  22 <- NATO enlargement and European security a | missile-defense installations in Poland 
  [8/54]  22 <- NATO enlargement and European security a | proposals for limits on force deployment
  [9/54]  22 <- NATO enlargement and European security a | the 2008 Bucharest summit and open-door 
  [10/54]  22 <- post-Soviet states' sovereignty and self | Georgia's territorial integrity and the 
  [11/54]  22 <- sanctions and economic statecraft toward | the oil price cap and secondary sanction
  [12/54]  22 <- sanctions and economic statecraft toward | asset freezes and the seizure of frozen 
  [13/54]  22 <- sanctions and economic statecraft toward | the effectiveness and ethics of broad fi
  [14/54]  22 <- sanctions and economic statecraft toward | sanctions relief as a negotiating tool i
  [15/54]  22 <- post-Soviet states' sovereignty and self | Kazakhstan and Central Asian hedging bet
  [16/54]  22 <- post-Soviet states' sovereignty and self | the Baltic states' Russian-speaking mino
  [17/54]  23 <- sanctions and economic statecraft toward | humanitarian carve-outs and the effect o
  [18/54]  22 <- post-Soviet states' sovereignty and self | Armenia, Azerbaijan, and Russia's role a
  [19/54]  23 <- sanctions and economic statecraft toward | export controls on dual-use technology
  [20/54]  22 <- energy dependency and geopolitics | using energy exports as political levera
  [21/54]  22 <- energy dependency and geopolitics | European reliance on Russian pipeline ga
  [22/54]  22 <- energy dependency and geopolitics | the Nord Stream pipelines and their stra
  [23/54]  22 <- energy dependency and geopolitics | transit states like Ukraine and pipeline
  [24/54]  22 <- regional conflicts where Russian interes | the 2008 Russo-Georgian war and attribut
  [25/54]  22 <- energy dependency and geopolitics | global oil markets and the limits of iso
  [26/54]  23 <- regional conflicts where Russian interes | the 2014 events in Crimea and eastern Uk
  [27/54]  22 <- energy dependency and geopolitics | nuclear fuel (Rosatom) dependencies and 
  [28/54]  22 <- regional conflicts where Russian interes | the Nagorno-Karabakh conflict and Russia
  [29/54]  22 <- regional conflicts where Russian interes | Arctic militarization and overlapping cl
  [30/54]  22 <- arms control and strategic stability | the collapse of the INF Treaty and who b
  [31/54]  22 <- regional conflicts where Russian interes | the full-scale 2022 conflict and competi
  [32/54]  22 <- arms control and strategic stability | tactical nuclear weapons and deterrence 
  [33/54]  22 <- regional conflicts where Russian interes | Russia's intervention in Syria and its s
  [34/54]  22 <- arms control and strategic stability | space and cyber domains in strategic sta
  [35/54]  22 <- arms control and strategic stability | the future of the New START framework an
  [36/54]  22 <- great-power competition and internationa | spheres of influence versus a rules-base
  [37/54]  22 <- arms control and strategic stability | confidence-building measures and inciden
  [38/54]  22 <- great-power competition and internationa | UN Security Council reform and the veto
  [39/54]  22 <- great-power competition and internationa | the emerging Russia-China alignment and 
  [40/54]  22 <- diplomacy, negotiation, and peace settle | what a durable Ukraine settlement would 
  [41/54]  22 <- great-power competition and internationa | multipolarity and whether great powers d
  [42/54]  22 <- diplomacy, negotiation, and peace settle | the Minsk agreements and why they failed
  [43/54]  22 <- great-power competition and internationa | the legitimacy of intervention and doubl
  [44/54]  22 <- diplomacy, negotiation, and peace settle | neutrality and non-alignment as security
  [45/54]  22 <- diplomacy, negotiation, and peace settle | ceasefire sequencing, security guarantee
  [46/54]  22 <- diplomacy, negotiation, and peace settle | back-channel diplomacy and face-saving o
  [47/54]  22 <- hybrid, cyber, and information conflict | disinformation framing and how to assess
  [48/54]  23 <- hybrid, cyber, and information conflict | attribution standards for state-linked c
  [49/54]  22 <- hybrid, cyber, and information conflict | election interference claims and proport
  [50/54]  22 <- hybrid, cyber, and information conflict | critical-infrastructure norms and red li
  [51/54]  22 <- history and grievance framing in current | how much post-Cold War history should sh
  [52/54]  22 <- history and grievance framing in current | competing readings of the end of the Col
  [53/54]  23 <- history and grievance framing in current | whether historical grievances confer pre
  [54/54]  22 <- history and grievance framing in current | the role of humiliation narratives in gr
[activating] wrote 1193 raw rows -> data/activating_raw.jsonl
